// Jest Snapshot v1, https://goo.gl/fbAQLP

exports[`should render ExpenseListItem with expense 1`] = `
<li>
  <p>
    Description: 
    <Link
      replace={false}
      to="/edit/2"
    >
      Rent
    </Link>
  </p>
  <p>
    Amount: 
    $5.00
  </p>
  <p>
    Created at: 
    January 5th, 1970
  </p>
</li>
`;
